// Jest Snapshot v1, https://goo.gl/fbAQLP

exports[`<RequestReset/> calls the mutation 1`] = `
<div
  className="SMessage-sc-1eh2f1c-0 Kdxbb"
  data-test="message"
>
  Success! Check your email for the reset link!
</div>
`;

exports[`<RequestReset/> renders and matches snapshot 1`] = `
<form
  className="Form-sc-1xszr8q-0 cAFrWY"
  data-test="form"
  method="post"
  onSubmit={[Function]}
>
  <fieldset
    aria-busy={false}
    disabled={false}
  >
    <h2>
      Request a password reset
    </h2>
    <DisplayError
      error={Object {}}
    />
    <label
      htmlFor="email"
    >
      Email
      <input
        name="email"
        onChange={[Function]}
        placeholder="email"
        type="email"
        value=""
      />
    </label>
    <button
      type="submit"
    >
      Request Reset
    </button>
  </fieldset>
</form>
`;
